main.c:159:6:Error	8	static
main.c:164:6:BME280I2Cx_WriteData	48	static
main.c:175:9:BME280I2Cx_ReadData	56	static
main.c:188:6:BME280_ReadReg_U16	48	static
main.c:200:6:BME280_ReadReg_S16	48	static
main.c:214:6:BME280_ReadReg_BE_S16	48	static
main.c:226:6:BME280_ReadReg_S24	48	static
main.c:238:6:BME280_Init	24	static
main.c:324:7:BME280_ReadTemperature	32	static
main.c:347:7:BME280_ReadHumidity	24	static
main.c:377:5:main	8	static
main.c:432:6:SystemClock_Config	88	static
main.c:467:13:MX_I2C2_Init	8	static
main.c:513:13:MX_USART4_UART_Init	8	static
main.c:548:13:MX_GPIO_Init	48	static
main.c:577:6:Error_Handler	8	static,ignoring_inline_asm
